{"id":"1","result":[{"name":"feat","path":"/fx/workspaces/feat","repoCount":1,"dirty":false,"repos":[{"alias":"api","project":"api","branch":"feat","detached":false,"ahead":0,"behind":0,"dirty":false,"changes":[]}]},{"name":"old","path":"/fx/workspaces/old","repoCount":0,"dirty":false,"repos":[],"legacy":true},{"name":"stray","path":"/fx/workspaces/stray","repoCount":0,"dirty":false,"repos":[],"legacy":true}]}
{"id":"2","result":{"adopted":[{"name":"old","root":"/fx/workspaces/old"}],"skipped":[{"root":"/fx/workspaces/stray","reason":"adopt.skip.unresolved_project","message":"project unknown is not registered in this context"}]}}
{"id":"3","result":[{"name":"feat","path":"/fx/workspaces/feat","repoCount":1,"dirty":false,"repos":[{"alias":"api","project":"api","branch":"feat","detached":false,"ahead":0,"behind":0,"dirty":false,"changes":[]}]},{"name":"old","path":"/fx/workspaces/old","repoCount":1,"dirty":false,"repos":[{"alias":"api","project":"api","branch":"feat","detached":false,"ahead":0,"behind":0,"dirty":false,"changes":[]}]},{"name":"stray","path":"/fx/workspaces/stray","repoCount":0,"dirty":false,"repos":[],"legacy":true}]}
{"id":"4","result":{"adopted":[],"skipped":[{"root":"/fx/workspaces/old","reason":"adopt.skip.already_adopted","message":"already adopted by context work"},{"root":"/fx/workspaces/stray","reason":"adopt.skip.unresolved_project","message":"project unknown is not registered in this context"}]}}
