{"id":"1","result":{"name":"feat","path":"/fx/workspaces/feat","repoCount":2,"dirty":false,"repos":[{"alias":"api","project":"api","branch":"feat","detached":false,"ahead":1,"behind":0,"dirty":false,"changes":[],"baseBranch":"develop","baseBehind":0},{"alias":"web","project":"web","branch":"feat","detached":false,"ahead":0,"behind":0,"dirty":false,"changes":[],"baseBranch":"develop","baseMissing":true}]}}
{"id":"2","result":[{"name":"feat","path":"/fx/workspaces/feat","repoCount":2,"dirty":false,"repos":[{"alias":"api","project":"api","branch":"feat","detached":false,"ahead":1,"behind":0,"dirty":false,"changes":[],"baseBranch":"develop","baseBehind":0},{"alias":"web","project":"web","branch":"feat","detached":false,"ahead":0,"behind":0,"dirty":false,"changes":[],"baseBranch":"develop","baseMissing":true}]}]}
