{"id":"1","result":[{"name":"feat","path":"/fx/workspaces/feat","repoCount":1,"dirty":false,"repos":[{"alias":"api","project":"api","branch":"feat","detached":false,"ahead":0,"behind":0,"dirty":false,"changes":[]}]},{"name":"lost","path":"/fx/workspaces/lost","repoCount":0,"dirty":false,"repos":[],"orphanOf":"gone"}]}
{"id":"2","result":{"claimed":[{"name":"lost","root":"/fx/workspaces/lost","previousContext":"gone"}],"skipped":[{"name":"feat","root":"/fx/workspaces/feat","reason":"claim.skip.already_owned","message":"already belongs to context work"},{"name":"nope","root":"/fx/workspaces/nope","reason":"claim.skip.not_found","message":"no wspace workspace named \"nope\" in this context's workspaces folder"}]}}
{"id":"3","result":[{"name":"feat","path":"/fx/workspaces/feat","repoCount":1,"dirty":false,"repos":[{"alias":"api","project":"api","branch":"feat","detached":false,"ahead":0,"behind":0,"dirty":false,"changes":[]}]},{"name":"lost","path":"/fx/workspaces/lost","repoCount":0,"dirty":false,"repos":[]}]}
{"id":"4","result":{"claimed":[],"skipped":[]}}
{"id":"5","result":{"name":"job","active":true,"workspacesRoot":"/fx/workspaces","projectsRoot":"/fx/src","ignorePatterns":[],"includePatterns":[],"defaults":{},"projects":[{"key":"api","sourceDir":"/fx/src/api","options":{}},{"key":"web","sourceDir":"/fx/src/web","options":{}}],"reassignedWorkspaces":["feat","lost"]}}
{"id":"6","result":[{"name":"feat","path":"/fx/workspaces/feat","repoCount":1,"dirty":false,"repos":[{"alias":"api","project":"api","branch":"feat","detached":false,"ahead":0,"behind":0,"dirty":false,"changes":[]}]},{"name":"lost","path":"/fx/workspaces/lost","repoCount":0,"dirty":false,"repos":[]}]}
