{"id":"1","result":{"repo":"api","stash":{"index":1,"ref":"stash@{1}","hash":"6666666666666666666666666666666666666666","branch":"feat","message":"older","date":"<TIME>"},"indexRestored":true,"dropped":false,"conflicts":[],"warnings":[]}}
{"id":"2","result":{"repo":"api","stash":{"index":0,"ref":"stash@{0}","hash":"5555555555555555555555555555555555555555","branch":"feat","message":"half done","date":"<TIME>"},"indexRestored":true,"dropped":true,"conflicts":[],"warnings":[]}}
{"id":"3","result":{"repo":"api","indexRestored":false,"dropped":false,"conflicts":[],"warnings":[],"error":{"code":"conflict","message":"the stash list changed: this entry is no longer the one you selected; refresh and try again: stash@{0}","data":{"domainCode":"stash_changed","subject":"stash@{0}"}}}}
{"id":"4","error":{"code":"needs_confirmation","message":"dropping stash@{1} (older) permanently discards its changes; retry with confirm: true","data":{"files":2,"reasons":[],"stash":{"index":1,"ref":"stash@{1}","hash":"6666666666666666666666666666666666666666","branch":"feat","message":"older","date":"<TIME>"}}}}
{"id":"5","result":{"repo":"api","stash":{"index":1,"ref":"stash@{1}","hash":"6666666666666666666666666666666666666666","branch":"feat","message":"older","date":"<TIME>"}}}
{"id":"6","error":{"code":"invalid_params","message":"invalid parameter hash: required: the entry's hash as repos.stashes lists it (4 to 64 hexadecimal digits)","data":{"param":"hash"}}}
{"id":"7","result":{"repo":"api","worktree":"/fx/workspaces/feat/api","paths":[{"path":"notes.txt","absolutePath":"/fx/workspaces/feat/api/notes.txt"}]}}
{"id":"8","error":{"code":"not_found","message":"the path is not an untracked file of this repository: main.go","data":{"domainCode":"path_not_untracked","subject":"main.go"}}}
{"id":"9","error":{"code":"needs_confirmation","message":"deleting 1 untracked file(s) is permanent; retry with confirm: true","data":{"paths":["notes.txt"],"reasons":[]}}}
{"id":"10","result":{"repo":"api","removed":["notes.txt"],"kept":[]}}
{"id":"11","result":[{"key":"web","sourceDir":"/fx/src/web","options":{}}]}
{"id":"12","result":{"repo":"api","stash":{"index":1,"ref":"stash@{1}","hash":"6666666666666666666666666666666666666666","branch":"feat","message":"older","date":"<TIME>"},"indexRestored":false,"dropped":false,"conflicts":["main.go"],"warnings":[],"error":{"code":"conflict","message":"applying the stash stopped with conflicts; the stash entry was kept: stash@{1}","data":{"conflicts":["main.go"],"domainCode":"stash_conflict","subject":"stash@{1}"}}}}
{"id":"13","result":{"repo":"api","stash":{"index":1,"ref":"stash@{1}","hash":"6666666666666666666666666666666666666666","branch":"feat","message":"older","date":"<TIME>"},"indexRestored":false,"dropped":false,"conflicts":[],"warnings":["index_not_restored"]}}
{"id":"14","result":{"repo":"api","stash":{"index":1,"ref":"stash@{1}","hash":"6666666666666666666666666666666666666666","branch":"feat","message":"older","date":"<TIME>"},"indexRestored":false,"dropped":false,"conflicts":[],"warnings":[],"error":{"code":"conflict","message":"worktree has uncommitted changes: api","data":{"domainCode":"worktree_dirty","files":["main.go"],"subject":"api"}}}}
