{"id":"1","result":{"branch":{"repo":"api","branch":"feat","detached":false,"head":"1111111","upstream":{"ref":"origin/feat","remote":"origin","gone":false,"ahead":0,"behind":2},"baseBranch":"develop","baseRef":"origin/develop","baseFound":true,"baseAhead":3,"baseBehind":1,"lastFetch":"<TIME>"},"staged":1,"unstaged":1,"untracked":1,"conflicted":0,"stashes":1}}
{"id":"2","result":{"staged":[{"path":"main.go","status":"modified"}],"unstaged":[{"path":"main.go","status":"modified"}],"untracked":[{"path":"notes.txt","status":"untracked"}],"conflicted":[]}}
{"id":"3","result":{"path":"main.go","status":"modified","binary":false,"truncated":false,"additions":1,"deletions":1,"hunks":[{"header":"@@ -1 +1 @@","oldStart":1,"oldLines":1,"newStart":1,"newLines":1,"lines":["-old","+new"]}]}}
{"id":"4","result":{"range":"origin/develop..HEAD","base":"origin/develop","total":1,"offset":0,"hasMore":false,"commits":[{"hash":"abcdef0123456789abcdef0123456789abcdef01","shortHash":"abcdef0","subject":"feat: add login","author":"Ada Acme","date":"<TIME>"}]}}
{"id":"5","result":{"hash":"abcdef0123456789abcdef0123456789abcdef01","shortHash":"abcdef0","subject":"feat: add login","author":"Ada Acme","date":"<TIME>","body":"Adds the login form.","parents":["9999999999999999999999999999999999999999"],"files":[{"path":"login.go","status":"added","binary":false,"truncated":false,"additions":1,"deletions":0,"hunks":[{"header":"@@ -0,0 +1 @@","oldStart":0,"oldLines":0,"newStart":1,"newLines":1,"lines":["+package login"]}]}],"truncated":false}}
{"id":"6","result":[{"index":0,"ref":"stash@{0}","hash":"5555555555555555555555555555555555555555","branch":"feat","message":"half done","date":"<TIME>"}]}
{"id":"7","result":{"stash":{"index":0,"ref":"stash@{0}","hash":"5555555555555555555555555555555555555555","branch":"feat","message":"half done","date":"<TIME>"},"files":[{"path":"scratch.txt","status":"added","binary":true,"truncated":false,"additions":0,"deletions":0,"hunks":[]}],"truncated":false,"includesUntracked":true}}
{"event":"progress","id":"8","data":{"kind":"repo","op":"repo.fetch","repo":"api","phase":"started"}}
{"event":"progress","id":"8","data":{"kind":"repo","op":"repo.fetch","repo":"api","phase":"finished"}}
{"id":"8","result":{"repo":"api","remote":"origin","branch":{"repo":"api","branch":"feat","detached":false,"head":"1111111","upstream":{"ref":"origin/feat","remote":"origin","gone":false,"ahead":0,"behind":2},"baseBranch":"develop","baseRef":"origin/develop","baseFound":true,"baseAhead":3,"baseBehind":1,"lastFetch":"<TIME>"}}}
{"event":"progress","id":"9","data":{"kind":"repo","op":"repo.pull","repo":"api","phase":"started"}}
{"event":"progress","id":"9","data":{"kind":"repo","op":"repo.pull","repo":"api","phase":"finished"}}
{"id":"9","result":{"repo":"api","upstream":"origin/feat","beforeHead":"1111111","afterHead":"1111111","upToDate":false,"commitsPulled":2,"ahead":0,"behind":2}}
{"event":"progress","id":"10","data":{"kind":"repo","op":"repo.pull","repo":"api","phase":"started"}}
{"event":"progress","id":"10","data":{"kind":"repo","op":"repo.pull","repo":"api","phase":"failed","error":"the branch and its upstream have diverged: a fast-forward pull is not possible: origin/feat"}}
{"id":"10","result":{"repo":"api","upstream":"origin/feat","beforeHead":"1111111","afterHead":"1111111","upToDate":false,"commitsPulled":0,"ahead":1,"behind":2,"error":{"code":"conflict","message":"the branch and its upstream have diverged: a fast-forward pull is not possible: origin/feat","data":{"ahead":1,"behind":2,"domainCode":"diverged","subject":"origin/feat"}}}}
{"id":"11","error":{"code":"not_found","message":"the path is not a change in this repository: ../secret","data":{"domainCode":"path_not_changed","subject":"../secret"}}}
